2026-04-15 10:54:22,772 - INFO - === 启动自动化训练循环 ===
2026-04-15 10:54:22,773 - INFO - 使用笔记本: https://colab.research.google.com/drive/1ogerEishjQsaXCU3UNg_cUoVCD3jvaj6
2026-04-15 10:54:22,774 - INFO - 
=== 第 1/3 次尝试 ===
2026-04-15 10:54:22,775 - INFO - 步骤1: 检查并推送代码到GitHub
2026-04-15 10:54:22,775 - INFO - 检查是否有未提交的变更...
2026-04-15 10:54:22,846 - INFO - 添加所有变更...
2026-04-15 10:54:22,976 - INFO - 提交变更...
2026-04-15 10:54:23,181 - INFO - 推送到GitHub...
2026-04-15 10:54:23,255 - ERROR - 推送代码失败: Command '['git', 'push']' returned non-zero exit status 128.
2026-04-15 10:54:23,255 - INFO - 等待GitHub同步...
2026-04-15 10:54:28,256 - INFO - 步骤2: 执行Colab训练
2026-04-15 10:54:28,258 - INFO - 启动Playwright...
2026-04-15 10:54:29,022 - INFO - 连接到已登录的Chrome，CDP地址: http://127.0.0.1:9222
2026-04-15 10:54:29,341 - INFO - 成功连接到已登录的Chrome浏览器
2026-04-15 10:54:29,341 - INFO - 使用现有浏览器上下文
2026-04-15 10:54:29,465 - INFO - 创建新页面
2026-04-15 10:54:29,466 - INFO - 打开Colab笔记本...
2026-04-15 10:54:29,466 - INFO - 打开Colab笔记本: https://colab.research.google.com/drive/1ogerEishjQsaXCU3UNg_cUoVCD3jvaj6
2026-04-15 10:54:32,600 - INFO - 等待笔记本加载...
2026-04-15 10:54:32,612 - INFO - 页面标题: Google Colab
2026-04-15 10:54:32,651 - INFO - 加载中... (0s)
2026-04-15 10:54:34,762 - INFO - 页面标题: BEV_Fusion.ipynb - Colab
2026-04-15 10:54:34,784 - INFO - ✅ 笔记本加载完成
2026-04-15 10:54:34,784 - INFO - 等待笔记本加载完成...
2026-04-15 10:54:34,785 - INFO - 等待笔记本就绪...
2026-04-15 10:54:34,795 - INFO - ✅ 笔记本工具栏 就绪
2026-04-15 10:54:34,804 - INFO - ✅ 笔记本滚动区域 就绪
2026-04-15 10:54:34,814 - INFO - ✅ 连接按钮 就绪
2026-04-15 10:54:34,815 - INFO - 等待中... (0s) [3/3] 100.0%
2026-04-15 10:54:34,815 - INFO - ✅ 笔记本结构就绪
2026-04-15 10:54:34,835 - INFO - 运行时状态按钮文本: 
2026-04-15 10:54:34,856 - INFO - 运行时信息: {'connected': False, 'gpu_type': None, 'ram_type': None, 'status': ''}
2026-04-15 10:54:34,856 - INFO - 当前运行时状态: {'connected': False, 'gpu_type': None, 'ram_type': None, 'status': ''}
2026-04-15 10:54:34,857 - INFO - 运行时未连接，尝试连接...
2026-04-15 10:54:34,857 - INFO - 尝试连接运行时: GPU=A100, HighRAM=True
2026-04-15 10:54:34,857 - INFO - 等待页面加载完成...
2026-04-15 10:54:37,898 - INFO - 找到连接按钮，使用选择器: colab-connect-button
2026-04-15 10:54:37,898 - INFO - 点击连接按钮展开下拉菜单
2026-04-15 10:54:39,982 - INFO - 查找'更改运行时'选项...
2026-04-15 10:54:39,990 - INFO - 找到 87 个菜单项
2026-04-15 10:54:40,513 - INFO - 找到'更改运行时'选项: 更改运行时类型
2026-04-15 10:54:40,514 - INFO - 点击'更改运行时'选项
