[launcher] train_command: python scripts/train_main.py --data_root /content/BEV_Track-Predict/wildtrack --epochs 10 --batch 2
[DEV] device=cuda, cuda_available=True
[DEV] gpu=NVIDIA A100-SXM4-80GB

[CALIB] Loading calibration...
[CALIB] views=[0, 1, 2]
[UNIT] step=0.025, median||t||=2004.98 => unit_scale=100.0

[GRID] Building projection matrices...
[CFG] img=720x1280, feat=270x480, bev(reduced)=360x120
[GRID] view=0 cam=CVLab1 valid_ratio=0.1195
[GRID] view=1 cam=CVLab2 valid_ratio=0.8914
[GRID] view=2 cam=CVLab3 valid_ratio=0.3579
[CFG] kept_views=[0, 1, 2]

[DATA] Creating dataset...
[DATA] len(ds)=300, len(loader)=150

[MODEL] Creating model...
[MODEL] MVDetLikeNet

[OPT] Creating optimizer and scheduler...

[TRAIN] Creating trainer...

[TRAIN] Starting training...

=== Epoch 1/10 ===
